/Users/rahulray/Library/Python/3.9/lib/python/site-packages/urllib3/__init__.py:35: NotOpenSSLWarning: urllib3 v2 only supports OpenSSL 1.1.1+, currently the 'ssl' module is compiled with 'LibreSSL 2.8.3'. See: https://github.com/urllib3/urllib3/issues/3020
  warnings.warn(
/Users/rahulray/Library/Python/3.9/lib/python/site-packages/torchvision/datasets/mnist.py:142: DeprecationWarning: 'mode' parameter is deprecated and will be removed in Pillow 13 (2026-10-15)
  img = Image.fromarray(img.numpy(), mode="L")
[93mWARNING [0m:   DEPRECATED FEATURE: flwr.client.start_numpy_client() is deprecated. 
	Instead, use `flwr.client.start_client()` by ensuring you first call the `.to_client()` method as shown below: 
	flwr.client.start_client(
		server_address='<IP>:<PORT>',
		client=FlowerClient().to_client(), # <-- where FlowerClient is of type flwr.client.NumPyClient object
	)
	Using `start_numpy_client()` is deprecated.

            This is a deprecated feature. It will be removed
            entirely in future versions of Flower.
        
WARNING: All log messages before absl::InitializeLog() is called are written to STDERR
I0000 00:00:1778397046.415577 4807875 fork_posix.cc:71] Other threads are currently calling into gRPC, skipping fork() handlers
[92mINFO [0m:      
[92mINFO [0m:      [RUN 0, ROUND ]
[92mINFO [0m:      Received: evaluate message 337c7a7c-1d71-4cc2-8937-525277cb1bb4
/Users/rahulray/Library/Python/3.9/lib/python/site-packages/torchvision/datasets/mnist.py:142: DeprecationWarning: 'mode' parameter is deprecated and will be removed in Pillow 13 (2026-10-15)
  img = Image.fromarray(img.numpy(), mode="L")
[92mINFO [0m:      Sent reply
[92mINFO [0m:      
[92mINFO [0m:      [RUN 0, ROUND ]
[92mINFO [0m:      Received: evaluate message be99b613-6f87-4090-b798-a383a1a1ad71
[92mINFO [0m:      Sent reply
[92mINFO [0m:      
[92mINFO [0m:      [RUN 0, ROUND ]
[92mINFO [0m:      Received: evaluate message a812f3af-2790-4e33-96b7-42debdd06175
[92mINFO [0m:      Sent reply
[92mINFO [0m:      
[92mINFO [0m:      [RUN 0, ROUND ]
[92mINFO [0m:      Received: train message 13538953-8cf5-4f22-9545-447ac457a903
[92mINFO [0m:      Sent reply
[92mINFO [0m:      
[92mINFO [0m:      [RUN 0, ROUND ]
[92mINFO [0m:      Received: evaluate message 8090c54a-09e4-43c1-b576-f751ccb77850
[92mINFO [0m:      Sent reply
[92mINFO [0m:      
[92mINFO [0m:      [RUN 0, ROUND ]
[92mINFO [0m:      Received: evaluate message 03ee53cb-6b49-4b99-80b4-f0685de90974
[92mINFO [0m:      Sent reply
[92mINFO [0m:      
[92mINFO [0m:      [RUN 0, ROUND ]
[92mINFO [0m:      Received: evaluate message 8c09158b-a6d6-4fb8-b181-d3c245688abd
[92mINFO [0m:      Sent reply
[92mINFO [0m:      
[92mINFO [0m:      [RUN 0, ROUND ]
[92mINFO [0m:      Received: train message b6b7b78a-539e-462e-acd8-5651448e1d90
[92mINFO [0m:      Sent reply
[92mINFO [0m:      
[92mINFO [0m:      [RUN 0, ROUND ]
[92mINFO [0m:      Received: evaluate message 7f22aada-5c36-4964-a7f5-656e3bf7b373
[92mINFO [0m:      Sent reply
[92mINFO [0m:      
[92mINFO [0m:      [RUN 0, ROUND ]
[92mINFO [0m:      Received: evaluate message ee03fcc9-f22c-4dbd-8cb9-544da910b293
[92mINFO [0m:      Sent reply
[92mINFO [0m:      
[92mINFO [0m:      [RUN 0, ROUND ]
[92mINFO [0m:      Received: evaluate message bcf43155-cf82-44b8-82b2-a042bb55670c
[92mINFO [0m:      Sent reply
[92mINFO [0m:      
[92mINFO [0m:      [RUN 0, ROUND ]
[92mINFO [0m:      Received: train message 816f037d-ad98-4986-956b-f6960c8f41de
[92mINFO [0m:      Sent reply
[92mINFO [0m:      
[92mINFO [0m:      [RUN 0, ROUND ]
[92mINFO [0m:      Received: evaluate message 1fc263cb-dd2d-4b70-85a0-c4dd3ac2b95d
[92mINFO [0m:      Sent reply
[92mINFO [0m:      
[92mINFO [0m:      [RUN 0, ROUND ]
[92mINFO [0m:      Received: reconnect message d573167b-eb04-46f8-bfe9-01f853c933c2
[92mINFO [0m:      Disconnect and shut down

Client 2 | alpha=0.5 | label distribution:
  Class 0: 230
  Class 1: 1027
  Class 2: 1774
  Class 3: 586
  Class 4: 33
  Class 5: 430
  Class 6: 16
  Class 7: 154
  Class 8: 216
  Class 9: 30

Client 2 sleeping 0s (tier simulation)...

Client 2 sleeping 0s (tier simulation)...

Client 2 sleeping 0s (tier simulation)...
