/Users/rahulray/Library/Python/3.9/lib/python/site-packages/urllib3/__init__.py:35: NotOpenSSLWarning: urllib3 v2 only supports OpenSSL 1.1.1+, currently the 'ssl' module is compiled with 'LibreSSL 2.8.3'. See: https://github.com/urllib3/urllib3/issues/3020
  warnings.warn(
/Users/rahulray/Library/Python/3.9/lib/python/site-packages/torchvision/datasets/mnist.py:142: DeprecationWarning: 'mode' parameter is deprecated and will be removed in Pillow 13 (2026-10-15)
  img = Image.fromarray(img.numpy(), mode="L")
[93mWARNING [0m:   DEPRECATED FEATURE: flwr.client.start_numpy_client() is deprecated. 
	Instead, use `flwr.client.start_client()` by ensuring you first call the `.to_client()` method as shown below: 
	flwr.client.start_client(
		server_address='<IP>:<PORT>',
		client=FlowerClient().to_client(), # <-- where FlowerClient is of type flwr.client.NumPyClient object
	)
	Using `start_numpy_client()` is deprecated.

            This is a deprecated feature. It will be removed
            entirely in future versions of Flower.
        
[92mINFO [0m:      
[92mINFO [0m:      [RUN 0, ROUND ]
[92mINFO [0m:      Received: get_parameters message 872df219-54cb-4e67-adc3-ab4c455d3eac
[92mINFO [0m:      Sent reply
WARNING: All log messages before absl::InitializeLog() is called are written to STDERR
I0000 00:00:1778397045.621502 4807714 fork_posix.cc:71] Other threads are currently calling into gRPC, skipping fork() handlers
[92mINFO [0m:      
[92mINFO [0m:      [RUN 0, ROUND ]
[92mINFO [0m:      Received: train message 63b1ee1b-af90-4397-b0e7-374fc1f6cd85
I0000 00:00:1778397045.644544 4807714 fork_posix.cc:71] Other threads are currently calling into gRPC, skipping fork() handlers
/Users/rahulray/Library/Python/3.9/lib/python/site-packages/torchvision/datasets/mnist.py:142: DeprecationWarning: 'mode' parameter is deprecated and will be removed in Pillow 13 (2026-10-15)
  img = Image.fromarray(img.numpy(), mode="L")
[92mINFO [0m:      Sent reply
[92mINFO [0m:      
[92mINFO [0m:      [RUN 0, ROUND ]
[92mINFO [0m:      Received: evaluate message a11440b0-15a7-4d07-a6fb-1ff607a5cbe1
[92mINFO [0m:      Sent reply
[92mINFO [0m:      
[92mINFO [0m:      [RUN 0, ROUND ]
[92mINFO [0m:      Received: evaluate message fceb4229-aa5f-4d2c-8ce9-439912f76b2a
[92mINFO [0m:      Sent reply
[92mINFO [0m:      
[92mINFO [0m:      [RUN 0, ROUND ]
[92mINFO [0m:      Received: evaluate message 1863e959-dc52-41ba-92a2-4c209315b131
[92mINFO [0m:      Sent reply
[92mINFO [0m:      
[92mINFO [0m:      [RUN 0, ROUND ]
[92mINFO [0m:      Received: train message b7581b8a-540b-4d9c-9a62-8fd9db2a7f65
[92mINFO [0m:      Sent reply
[92mINFO [0m:      
[92mINFO [0m:      [RUN 0, ROUND ]
[92mINFO [0m:      Received: evaluate message f5bb3429-515c-48cd-90e9-c3566fbffa28
[92mINFO [0m:      Sent reply
[92mINFO [0m:      
[92mINFO [0m:      [RUN 0, ROUND ]
[92mINFO [0m:      Received: evaluate message f0cd1d0d-eff8-46e3-a6da-2b22ca9b5100
[92mINFO [0m:      Sent reply
[92mINFO [0m:      
[92mINFO [0m:      [RUN 0, ROUND ]
[92mINFO [0m:      Received: evaluate message f1c12e96-fa93-4c5f-9d47-7a28227152bf
[92mINFO [0m:      Sent reply
[92mINFO [0m:      
[92mINFO [0m:      [RUN 0, ROUND ]
[92mINFO [0m:      Received: train message 9ad8074f-2f32-4e24-b2d4-5d288c246fd1
[92mINFO [0m:      Sent reply
[92mINFO [0m:      
[92mINFO [0m:      [RUN 0, ROUND ]
[92mINFO [0m:      Received: evaluate message c526fdb0-1678-427c-93c5-af7293815ccd
[92mINFO [0m:      Sent reply
[92mINFO [0m:      
[92mINFO [0m:      [RUN 0, ROUND ]
[92mINFO [0m:      Received: evaluate message 5b1ed5b7-07c4-47a9-ac07-b09060d16eab
[92mINFO [0m:      Sent reply
[92mINFO [0m:      
[92mINFO [0m:      [RUN 0, ROUND ]
[92mINFO [0m:      Received: evaluate message fe5991cd-1d76-4bc1-ad1d-37dbbcbdda00
[92mINFO [0m:      Sent reply
[92mINFO [0m:      
[92mINFO [0m:      [RUN 0, ROUND ]
[92mINFO [0m:      Received: train message eb54408d-b1ea-4f45-ab05-6ff0595afc06
[92mINFO [0m:      Sent reply
[92mINFO [0m:      
[92mINFO [0m:      [RUN 0, ROUND ]
[92mINFO [0m:      Received: evaluate message 1dd6ad2b-0529-4b0a-bf79-4e5f4bcc971d
[92mINFO [0m:      Sent reply
[92mINFO [0m:      
[92mINFO [0m:      [RUN 0, ROUND ]
[92mINFO [0m:      Received: reconnect message ce5648cc-55e7-4770-a675-95af8e982f98
[92mINFO [0m:      Disconnect and shut down

Client 8 | alpha=0.5 | label distribution:
  Class 0: 1251
  Class 1: 347
  Class 2: 3
  Class 3: 95
  Class 4: 17
  Class 5: 3
  Class 6: 656
  Class 7: 1366
  Class 8: 47
  Class 9: 312

Client 8 sleeping 6s (tier simulation)...

Client 8 sleeping 6s (tier simulation)...

Client 8 sleeping 6s (tier simulation)...

Client 8 sleeping 6s (tier simulation)...
