[92mINFO [0m:      Starting Flower server, config: num_rounds=10, no round_timeout
[92mINFO [0m:      Flower ECE: gRPC server running (10 rounds), SSL is disabled
[92mINFO [0m:      [INIT]
[92mINFO [0m:      Requesting initial parameters from one random client
WARNING: All log messages before absl::InitializeLog() is called are written to STDERR
I0000 00:00:1778397034.603072 4807397 fork_posix.cc:71] Other threads are currently calling into gRPC, skipping fork() handlers
I0000 00:00:1778397034.609568 4807397 fork_posix.cc:71] Other threads are currently calling into gRPC, skipping fork() handlers
[92mINFO [0m:      Received initial parameters from one random client
[92mINFO [0m:      Evaluating initial global parameters
[92mINFO [0m:      
[92mINFO [0m:      [ROUND 1]
[92mINFO [0m:      configure_fit: strategy sampled 1 clients (out of 1)
[92mINFO [0m:      aggregate_fit: received 1 results and 0 failures
[93mWARNING [0m:   No fit_metrics_aggregation_fn provided
[92mINFO [0m:      configure_evaluate: strategy sampled 10 clients (out of 10)
[92mINFO [0m:      aggregate_evaluate: received 10 results and 0 failures
[92mINFO [0m:      
[92mINFO [0m:      [ROUND 2]
[92mINFO [0m:      configure_fit: strategy sampled 3 clients (out of 10)
[92mINFO [0m:      aggregate_fit: received 3 results and 0 failures
[92mINFO [0m:      configure_evaluate: strategy sampled 10 clients (out of 10)
[92mINFO [0m:      aggregate_evaluate: received 10 results and 0 failures
[92mINFO [0m:      
[92mINFO [0m:      [ROUND 3]
[92mINFO [0m:      configure_fit: strategy sampled 4 clients (out of 10)
[92mINFO [0m:      aggregate_fit: received 4 results and 0 failures
[92mINFO [0m:      configure_evaluate: strategy sampled 10 clients (out of 10)
[92mINFO [0m:      aggregate_evaluate: received 10 results and 0 failures
[92mINFO [0m:      
[92mINFO [0m:      [ROUND 4]
[92mINFO [0m:      configure_fit: strategy sampled 3 clients (out of 10)
[92mINFO [0m:      aggregate_fit: received 3 results and 0 failures
[92mINFO [0m:      configure_evaluate: strategy sampled 10 clients (out of 10)
[92mINFO [0m:      aggregate_evaluate: received 10 results and 0 failures
[92mINFO [0m:      
[92mINFO [0m:      [ROUND 5]
[92mINFO [0m:      configure_fit: strategy sampled 3 clients (out of 10)
[92mINFO [0m:      aggregate_fit: received 3 results and 0 failures
[92mINFO [0m:      configure_evaluate: strategy sampled 10 clients (out of 10)
[92mINFO [0m:      aggregate_evaluate: received 10 results and 0 failures
[92mINFO [0m:      
[92mINFO [0m:      [ROUND 6]
[92mINFO [0m:      configure_fit: strategy sampled 4 clients (out of 10)
[92mINFO [0m:      aggregate_fit: received 4 results and 0 failures
[92mINFO [0m:      configure_evaluate: strategy sampled 10 clients (out of 10)
[92mINFO [0m:      aggregate_evaluate: received 10 results and 0 failures
[92mINFO [0m:      
[92mINFO [0m:      [ROUND 7]
[92mINFO [0m:      configure_fit: strategy sampled 3 clients (out of 10)
[92mINFO [0m:      aggregate_fit: received 3 results and 0 failures
[92mINFO [0m:      configure_evaluate: strategy sampled 10 clients (out of 10)
[92mINFO [0m:      aggregate_evaluate: received 10 results and 0 failures
[92mINFO [0m:      
[92mINFO [0m:      [ROUND 8]
[92mINFO [0m:      configure_fit: strategy sampled 3 clients (out of 10)
[92mINFO [0m:      aggregate_fit: received 3 results and 0 failures
[92mINFO [0m:      configure_evaluate: strategy sampled 10 clients (out of 10)
[92mINFO [0m:      aggregate_evaluate: received 10 results and 0 failures
[92mINFO [0m:      
[92mINFO [0m:      [ROUND 9]
[92mINFO [0m:      configure_fit: strategy sampled 4 clients (out of 10)
[92mINFO [0m:      aggregate_fit: received 4 results and 0 failures
[92mINFO [0m:      configure_evaluate: strategy sampled 10 clients (out of 10)
[92mINFO [0m:      aggregate_evaluate: received 10 results and 0 failures
[92mINFO [0m:      
[92mINFO [0m:      [ROUND 10]
[92mINFO [0m:      configure_fit: strategy sampled 3 clients (out of 10)
[92mINFO [0m:      aggregate_fit: received 3 results and 0 failures
[92mINFO [0m:      configure_evaluate: strategy sampled 10 clients (out of 10)
[92mINFO [0m:      aggregate_evaluate: received 10 results and 0 failures
[92mINFO [0m:      
[92mINFO [0m:      [SUMMARY]
[92mINFO [0m:      Run finished 10 rounds in 442.43s
[92mINFO [0m:      History (loss, distributed):
[92mINFO [0m:      	('\tround 1: 429.1503601074219\n'
[92mINFO [0m:      	 '\tround 2: 47.49235534667969\n'
[92mINFO [0m:      	 '\tround 3: 24.190528869628906\n'
[92mINFO [0m:      	 '\tround 4: 22.733369827270508\n'
[92mINFO [0m:      	 '\tround 5: 21.131763458251953\n'
[92mINFO [0m:      	 '\tround 6: 17.549577713012695\n'
[92mINFO [0m:      	 '\tround 7: 15.900925636291504\n'
[92mINFO [0m:      	 '\tround 8: 17.2631893157959\n'
[92mINFO [0m:      	 '\tround 9: 13.948857307434082\n'
[92mINFO [0m:      	 '\tround 10: 14.384638786315918\n')History (metrics, distributed, evaluate):
[92mINFO [0m:      	{'accuracy': [(1, 0.6818999999999998),
[92mINFO [0m:      	              (2, 0.952),
[92mINFO [0m:      	              (3, 0.9749),
[92mINFO [0m:      	              (4, 0.9772),
[92mINFO [0m:      	              (5, 0.9777),
[92mINFO [0m:      	              (6, 0.982),
[92mINFO [0m:      	              (7, 0.9836),
[92mINFO [0m:      	              (8, 0.9827),
[92mINFO [0m:      	              (9, 0.986),
[92mINFO [0m:      	              (10, 0.9858)]}
[92mINFO [0m:      

Server starting | alpha=0.5 | rounds=10 | out=/Users/rahulray/Downloads/fl-project_2/results/tifl/0.5

[Round 1] Tier: FAST | alpha=0.5 | straggler_ratio=0.00
  Accuracy  : 0.6819
  Loss      : 429.1504
  Round Time: 25.13s

[Round 2] Tier: MEDIUM | alpha=0.5 | straggler_ratio=0.00
  Accuracy  : 0.9520
  Loss      : 47.4924
  Round Time: 40.53s

[Round 3] Tier: SLOW | alpha=0.5 | straggler_ratio=1.00
  Accuracy  : 0.9749
  Loss      : 24.1905
  Round Time: 60.65s

[Round 4] Tier: FAST | alpha=0.5 | straggler_ratio=0.00
  Accuracy  : 0.9772
  Loss      : 22.7334
  Round Time: 36.57s

[Round 5] Tier: MEDIUM | alpha=0.5 | straggler_ratio=0.00
  Accuracy  : 0.9777
  Loss      : 21.1318
  Round Time: 43.60s

[Round 6] Tier: SLOW | alpha=0.5 | straggler_ratio=1.00
  Accuracy  : 0.9820
  Loss      : 17.5496
  Round Time: 59.01s

[Round 7] Tier: FAST | alpha=0.5 | straggler_ratio=0.00
  Accuracy  : 0.9836
  Loss      : 15.9009
  Round Time: 32.59s

[Round 8] Tier: MEDIUM | alpha=0.5 | straggler_ratio=0.00
  Accuracy  : 0.9827
  Loss      : 17.2632
  Round Time: 47.58s

[Round 9] Tier: SLOW | alpha=0.5 | straggler_ratio=1.00
  Accuracy  : 0.9860
  Loss      : 13.9489
  Round Time: 63.23s

[Round 10] Tier: FAST | alpha=0.5 | straggler_ratio=0.00
  Accuracy  : 0.9858
  Loss      : 14.3846
  Round Time: 33.52s
