[92mINFO [0m:      Starting Flower server, config: num_rounds=10, no round_timeout
[92mINFO [0m:      Flower ECE: gRPC server running (10 rounds), SSL is disabled
[92mINFO [0m:      [INIT]
[92mINFO [0m:      Requesting initial parameters from one random client
WARNING: All log messages before absl::InitializeLog() is called are written to STDERR
I0000 00:00:1778396552.336948 4798267 fork_posix.cc:71] Other threads are currently calling into gRPC, skipping fork() handlers
I0000 00:00:1778396552.345711 4798267 fork_posix.cc:71] Other threads are currently calling into gRPC, skipping fork() handlers
[92mINFO [0m:      Received initial parameters from one random client
[92mINFO [0m:      Evaluating initial global parameters
[92mINFO [0m:      
[92mINFO [0m:      [ROUND 1]
[92mINFO [0m:      configure_fit: strategy sampled 1 clients (out of 1)
[92mINFO [0m:      aggregate_fit: received 1 results and 0 failures
[93mWARNING [0m:   No fit_metrics_aggregation_fn provided
[92mINFO [0m:      configure_evaluate: strategy sampled 10 clients (out of 10)
[92mINFO [0m:      aggregate_evaluate: received 10 results and 0 failures
[92mINFO [0m:      
[92mINFO [0m:      [ROUND 2]
[92mINFO [0m:      configure_fit: strategy sampled 3 clients (out of 10)
[92mINFO [0m:      aggregate_fit: received 3 results and 0 failures
[92mINFO [0m:      configure_evaluate: strategy sampled 10 clients (out of 10)
[92mINFO [0m:      aggregate_evaluate: received 10 results and 0 failures
[92mINFO [0m:      
[92mINFO [0m:      [ROUND 3]
[92mINFO [0m:      configure_fit: strategy sampled 4 clients (out of 10)
[92mINFO [0m:      aggregate_fit: received 4 results and 0 failures
[92mINFO [0m:      configure_evaluate: strategy sampled 10 clients (out of 10)
[92mINFO [0m:      aggregate_evaluate: received 10 results and 0 failures
[92mINFO [0m:      
[92mINFO [0m:      [ROUND 4]
[92mINFO [0m:      configure_fit: strategy sampled 3 clients (out of 10)
[92mINFO [0m:      aggregate_fit: received 3 results and 0 failures
[92mINFO [0m:      configure_evaluate: strategy sampled 10 clients (out of 10)
[92mINFO [0m:      aggregate_evaluate: received 10 results and 0 failures
[92mINFO [0m:      
[92mINFO [0m:      [ROUND 5]
[92mINFO [0m:      configure_fit: strategy sampled 3 clients (out of 10)
[92mINFO [0m:      aggregate_fit: received 3 results and 0 failures
[92mINFO [0m:      configure_evaluate: strategy sampled 10 clients (out of 10)
[92mINFO [0m:      aggregate_evaluate: received 10 results and 0 failures
[92mINFO [0m:      
[92mINFO [0m:      [ROUND 6]
[92mINFO [0m:      configure_fit: strategy sampled 4 clients (out of 10)
[92mINFO [0m:      aggregate_fit: received 4 results and 0 failures
[92mINFO [0m:      configure_evaluate: strategy sampled 10 clients (out of 10)
[92mINFO [0m:      aggregate_evaluate: received 10 results and 0 failures
[92mINFO [0m:      
[92mINFO [0m:      [ROUND 7]
[92mINFO [0m:      configure_fit: strategy sampled 3 clients (out of 10)
[92mINFO [0m:      aggregate_fit: received 3 results and 0 failures
[92mINFO [0m:      configure_evaluate: strategy sampled 10 clients (out of 10)
[92mINFO [0m:      aggregate_evaluate: received 10 results and 0 failures
[92mINFO [0m:      
[92mINFO [0m:      [ROUND 8]
[92mINFO [0m:      configure_fit: strategy sampled 3 clients (out of 10)
[92mINFO [0m:      aggregate_fit: received 3 results and 0 failures
[92mINFO [0m:      configure_evaluate: strategy sampled 10 clients (out of 10)
[92mINFO [0m:      aggregate_evaluate: received 10 results and 0 failures
[92mINFO [0m:      
[92mINFO [0m:      [ROUND 9]
[92mINFO [0m:      configure_fit: strategy sampled 4 clients (out of 10)
[92mINFO [0m:      aggregate_fit: received 4 results and 0 failures
[92mINFO [0m:      configure_evaluate: strategy sampled 10 clients (out of 10)
[92mINFO [0m:      aggregate_evaluate: received 10 results and 0 failures
[92mINFO [0m:      
[92mINFO [0m:      [ROUND 10]
[92mINFO [0m:      configure_fit: strategy sampled 3 clients (out of 10)
[92mINFO [0m:      aggregate_fit: received 3 results and 0 failures
[92mINFO [0m:      configure_evaluate: strategy sampled 10 clients (out of 10)
[92mINFO [0m:      aggregate_evaluate: received 10 results and 0 failures
[92mINFO [0m:      
[92mINFO [0m:      [SUMMARY]
[92mINFO [0m:      Run finished 10 rounds in 466.11s
[92mINFO [0m:      History (loss, distributed):
[92mINFO [0m:      	('\tround 1: 1185.1781005859375\n'
[92mINFO [0m:      	 '\tround 2: 661.2435302734375\n'
[92mINFO [0m:      	 '\tround 3: 236.7483367919922\n'
[92mINFO [0m:      	 '\tround 4: 217.34970092773438\n'
[92mINFO [0m:      	 '\tround 5: 198.5533905029297\n'
[92mINFO [0m:      	 '\tround 6: 97.93163299560547\n'
[92mINFO [0m:      	 '\tround 7: 80.63424682617188\n'
[92mINFO [0m:      	 '\tround 8: 140.42803955078125\n'
[92mINFO [0m:      	 '\tround 9: 63.67964553833008\n'
[92mINFO [0m:      	 '\tround 10: 49.293094635009766\n')History (metrics, distributed, evaluate):
[92mINFO [0m:      	{'accuracy': [(1, 0.2721),
[92mINFO [0m:      	              (2, 0.4071),
[92mINFO [0m:      	              (3, 0.7657000000000002),
[92mINFO [0m:      	              (4, 0.794),
[92mINFO [0m:      	              (5, 0.7907999999999998),
[92mINFO [0m:      	              (6, 0.8872),
[92mINFO [0m:      	              (7, 0.9122),
[92mINFO [0m:      	              (8, 0.8591),
[92mINFO [0m:      	              (9, 0.9359),
[92mINFO [0m:      	              (10, 0.95)]}
[92mINFO [0m:      

Server starting | alpha=0.1 | rounds=10 | out=/Users/rahulray/Downloads/fl-project_2/results/tifl/0.1

[Round 1] Tier: FAST | alpha=0.1 | straggler_ratio=0.00
  Accuracy  : 0.2721
  Loss      : 1185.1781
  Round Time: 10.15s

[Round 2] Tier: MEDIUM | alpha=0.1 | straggler_ratio=0.00
  Accuracy  : 0.4071
  Loss      : 661.2435
  Round Time: 31.32s

[Round 3] Tier: SLOW | alpha=0.1 | straggler_ratio=1.00
  Accuracy  : 0.7657
  Loss      : 236.7483
  Round Time: 106.29s

[Round 4] Tier: FAST | alpha=0.1 | straggler_ratio=0.00
  Accuracy  : 0.7940
  Loss      : 217.3497
  Round Time: 20.10s

[Round 5] Tier: MEDIUM | alpha=0.1 | straggler_ratio=0.00
  Accuracy  : 0.7908
  Loss      : 198.5534
  Round Time: 46.66s

[Round 6] Tier: SLOW | alpha=0.1 | straggler_ratio=1.00
  Accuracy  : 0.8872
  Loss      : 97.9316
  Round Time: 89.50s

[Round 7] Tier: FAST | alpha=0.1 | straggler_ratio=0.00
  Accuracy  : 0.9122
  Loss      : 80.6342
  Round Time: 19.47s

[Round 8] Tier: MEDIUM | alpha=0.1 | straggler_ratio=0.00
  Accuracy  : 0.8591
  Loss      : 140.4280
  Round Time: 41.67s

[Round 9] Tier: SLOW | alpha=0.1 | straggler_ratio=1.00
  Accuracy  : 0.9359
  Loss      : 63.6796
  Round Time: 83.25s

[Round 10] Tier: FAST | alpha=0.1 | straggler_ratio=0.00
  Accuracy  : 0.9500
  Loss      : 49.2931
  Round Time: 17.72s
