/Users/rahulray/Library/Python/3.9/lib/python/site-packages/urllib3/__init__.py:35: NotOpenSSLWarning: urllib3 v2 only supports OpenSSL 1.1.1+, currently the 'ssl' module is compiled with 'LibreSSL 2.8.3'. See: https://github.com/urllib3/urllib3/issues/3020
  warnings.warn(
/Users/rahulray/Library/Python/3.9/lib/python/site-packages/torchvision/datasets/mnist.py:142: DeprecationWarning: 'mode' parameter is deprecated and will be removed in Pillow 13 (2026-10-15)
  img = Image.fromarray(img.numpy(), mode="L")
[93mWARNING [0m:   DEPRECATED FEATURE: flwr.client.start_numpy_client() is deprecated. 
	Instead, use `flwr.client.start_client()` by ensuring you first call the `.to_client()` method as shown below: 
	flwr.client.start_client(
		server_address='<IP>:<PORT>',
		client=FlowerClient().to_client(), # <-- where FlowerClient is of type flwr.client.NumPyClient object
	)
	Using `start_numpy_client()` is deprecated.

            This is a deprecated feature. It will be removed
            entirely in future versions of Flower.
        
WARNING: All log messages before absl::InitializeLog() is called are written to STDERR
I0000 00:00:1778397961.873600 4821646 fork_posix.cc:71] Other threads are currently calling into gRPC, skipping fork() handlers
I0000 00:00:1778397961.895394 4821646 fork_posix.cc:71] Other threads are currently calling into gRPC, skipping fork() handlers
[92mINFO [0m:      
[92mINFO [0m:      [RUN 0, ROUND ]
[92mINFO [0m:      Received: evaluate message 9d4dc12a-a1a8-44af-a3d4-e11b77f8e0af
/Users/rahulray/Library/Python/3.9/lib/python/site-packages/torchvision/datasets/mnist.py:142: DeprecationWarning: 'mode' parameter is deprecated and will be removed in Pillow 13 (2026-10-15)
  img = Image.fromarray(img.numpy(), mode="L")
[92mINFO [0m:      Sent reply
[92mINFO [0m:      
[92mINFO [0m:      [RUN 0, ROUND ]
[92mINFO [0m:      Received: evaluate message 5165a86b-9f36-432f-a36a-b34ae8529945
[92mINFO [0m:      Sent reply
[92mINFO [0m:      
[92mINFO [0m:      [RUN 0, ROUND ]
[92mINFO [0m:      Received: train message c90f2440-5229-46c7-969f-7f372ca011de
[92mINFO [0m:      Sent reply
[92mINFO [0m:      
[92mINFO [0m:      [RUN 0, ROUND ]
[92mINFO [0m:      Received: evaluate message e9eabfd1-e9c1-400b-86c2-162e5350d567
[92mINFO [0m:      Sent reply
[92mINFO [0m:      
[92mINFO [0m:      [RUN 0, ROUND ]
[92mINFO [0m:      Received: evaluate message 7cb909e5-dae2-43bf-90aa-3f6146a1719f
[92mINFO [0m:      Sent reply
[92mINFO [0m:      
[92mINFO [0m:      [RUN 0, ROUND ]
[92mINFO [0m:      Received: evaluate message c73646b8-0a43-4eaa-ae24-f7ee32444421
[92mINFO [0m:      Sent reply
[92mINFO [0m:      
[92mINFO [0m:      [RUN 0, ROUND ]
[92mINFO [0m:      Received: train message 1bbb8b29-fa7f-4b8c-bbf1-769087c12c7d
[92mINFO [0m:      Sent reply
[92mINFO [0m:      
[92mINFO [0m:      [RUN 0, ROUND ]
[92mINFO [0m:      Received: evaluate message e8eec5aa-ccdb-4754-8f71-701fe516627e
[92mINFO [0m:      Sent reply
[92mINFO [0m:      
[92mINFO [0m:      [RUN 0, ROUND ]
[92mINFO [0m:      Received: evaluate message ae4fabbf-3121-4301-add2-1660110f27b4
[92mINFO [0m:      Sent reply
[92mINFO [0m:      
[92mINFO [0m:      [RUN 0, ROUND ]
[92mINFO [0m:      Received: evaluate message f08a62f5-02d3-4e29-907f-00dcd9266872
[92mINFO [0m:      Sent reply
[92mINFO [0m:      
[92mINFO [0m:      [RUN 0, ROUND ]
[92mINFO [0m:      Received: train message f9fbee9f-17d3-45b5-bf85-36d629ab3f1e
[92mINFO [0m:      Sent reply
[92mINFO [0m:      
[92mINFO [0m:      [RUN 0, ROUND ]
[92mINFO [0m:      Received: evaluate message ffda5a05-f079-41cb-9849-28dc8243fcff
[92mINFO [0m:      Sent reply
[92mINFO [0m:      
[92mINFO [0m:      [RUN 0, ROUND ]
[92mINFO [0m:      Received: evaluate message 126d654b-a21a-4d57-8131-2fc7c81c0b1c
[92mINFO [0m:      Sent reply
[92mINFO [0m:      
[92mINFO [0m:      [RUN 0, ROUND ]
[92mINFO [0m:      Received: reconnect message db49314b-c073-4745-8b28-dcdad70e2de4
[92mINFO [0m:      Disconnect and shut down

Client 7 | alpha=iid | label distribution:
  Class 0: 605
  Class 1: 659
  Class 2: 588
  Class 3: 667
  Class 4: 576
  Class 5: 511
  Class 6: 562
  Class 7: 615
  Class 8: 587
  Class 9: 630

Client 7 sleeping 6s (tier simulation)...

Client 7 sleeping 6s (tier simulation)...

Client 7 sleeping 6s (tier simulation)...
