/Users/rahulray/Library/Python/3.9/lib/python/site-packages/urllib3/__init__.py:35: NotOpenSSLWarning: urllib3 v2 only supports OpenSSL 1.1.1+, currently the 'ssl' module is compiled with 'LibreSSL 2.8.3'. See: https://github.com/urllib3/urllib3/issues/3020
  warnings.warn(
/Users/rahulray/Library/Python/3.9/lib/python/site-packages/torchvision/datasets/mnist.py:142: DeprecationWarning: 'mode' parameter is deprecated and will be removed in Pillow 13 (2026-10-15)
  img = Image.fromarray(img.numpy(), mode="L")
[93mWARNING [0m:   DEPRECATED FEATURE: flwr.client.start_numpy_client() is deprecated. 
	Instead, use `flwr.client.start_client()` by ensuring you first call the `.to_client()` method as shown below: 
	flwr.client.start_client(
		server_address='<IP>:<PORT>',
		client=FlowerClient().to_client(), # <-- where FlowerClient is of type flwr.client.NumPyClient object
	)
	Using `start_numpy_client()` is deprecated.

            This is a deprecated feature. It will be removed
            entirely in future versions of Flower.
        
WARNING: All log messages before absl::InitializeLog() is called are written to STDERR
I0000 00:00:1778397507.381199 4815493 fork_posix.cc:71] Other threads are currently calling into gRPC, skipping fork() handlers
I0000 00:00:1778397507.397274 4815493 fork_posix.cc:71] Other threads are currently calling into gRPC, skipping fork() handlers
[92mINFO [0m:      
[92mINFO [0m:      [RUN 0, ROUND ]
[92mINFO [0m:      Received: evaluate message db14a6b7-e801-4842-884f-fcfa0af6e7d7
/Users/rahulray/Library/Python/3.9/lib/python/site-packages/torchvision/datasets/mnist.py:142: DeprecationWarning: 'mode' parameter is deprecated and will be removed in Pillow 13 (2026-10-15)
  img = Image.fromarray(img.numpy(), mode="L")
[92mINFO [0m:      Sent reply
[92mINFO [0m:      
[92mINFO [0m:      [RUN 0, ROUND ]
[92mINFO [0m:      Received: evaluate message 4e411db4-152e-429d-b5aa-b254b5f79729
[92mINFO [0m:      Sent reply
[92mINFO [0m:      
[92mINFO [0m:      [RUN 0, ROUND ]
[92mINFO [0m:      Received: train message 3ecae019-01d5-419a-b6b5-64000723d613
[92mINFO [0m:      Sent reply
[92mINFO [0m:      
[92mINFO [0m:      [RUN 0, ROUND ]
[92mINFO [0m:      Received: evaluate message 2309e8a6-62a0-4af4-809b-251f8fa49db9
[92mINFO [0m:      Sent reply
[92mINFO [0m:      
[92mINFO [0m:      [RUN 0, ROUND ]
[92mINFO [0m:      Received: evaluate message bd392876-3366-4cca-afe3-d276b6d973f4
[92mINFO [0m:      Sent reply
[92mINFO [0m:      
[92mINFO [0m:      [RUN 0, ROUND ]
[92mINFO [0m:      Received: evaluate message 2fe71bd7-f08b-4f04-a166-3326fb6a9eb1
[92mINFO [0m:      Sent reply
[92mINFO [0m:      
[92mINFO [0m:      [RUN 0, ROUND ]
[92mINFO [0m:      Received: train message 49321284-5beb-495f-837d-aeb54aeb3abf
[92mINFO [0m:      Sent reply
[92mINFO [0m:      
[92mINFO [0m:      [RUN 0, ROUND ]
[92mINFO [0m:      Received: evaluate message 9f6b16f3-bd2c-45c0-8df5-b2104d3a6494
[92mINFO [0m:      Sent reply
[92mINFO [0m:      
[92mINFO [0m:      [RUN 0, ROUND ]
[92mINFO [0m:      Received: evaluate message e3f63691-7843-4bf1-b81e-6356e1720162
[92mINFO [0m:      Sent reply
[92mINFO [0m:      
[92mINFO [0m:      [RUN 0, ROUND ]
[92mINFO [0m:      Received: evaluate message ca1e9557-cc0b-4462-80db-e3d100435056
[92mINFO [0m:      Sent reply
[92mINFO [0m:      
[92mINFO [0m:      [RUN 0, ROUND ]
[92mINFO [0m:      Received: train message 34bcdd17-289e-45ef-a13f-315c719b1b57
[92mINFO [0m:      Sent reply
[92mINFO [0m:      
[92mINFO [0m:      [RUN 0, ROUND ]
[92mINFO [0m:      Received: evaluate message e958387f-d5b4-4f22-8ec0-bec0185762dd
[92mINFO [0m:      Sent reply
[92mINFO [0m:      
[92mINFO [0m:      [RUN 0, ROUND ]
[92mINFO [0m:      Received: evaluate message eac3e6a2-f231-4d0b-8ade-0926644bd404
[92mINFO [0m:      Sent reply
[92mINFO [0m:      
[92mINFO [0m:      [RUN 0, ROUND ]
[92mINFO [0m:      Received: reconnect message 86136f03-602d-44b8-9d2a-f9a3689c795f
[92mINFO [0m:      Disconnect and shut down

Client 7 | alpha=1.0 | label distribution:
  Class 0: 43
  Class 1: 206
  Class 2: 1613
  Class 3: 344
  Class 4: 145
  Class 5: 1652
  Class 6: 11
  Class 7: 938
  Class 8: 1024
  Class 9: 816

Client 7 sleeping 6s (tier simulation)...

Client 7 sleeping 6s (tier simulation)...

Client 7 sleeping 6s (tier simulation)...
