/Users/rahulray/Library/Python/3.9/lib/python/site-packages/urllib3/__init__.py:35: NotOpenSSLWarning: urllib3 v2 only supports OpenSSL 1.1.1+, currently the 'ssl' module is compiled with 'LibreSSL 2.8.3'. See: https://github.com/urllib3/urllib3/issues/3020
  warnings.warn(
/Users/rahulray/Library/Python/3.9/lib/python/site-packages/torchvision/datasets/mnist.py:142: DeprecationWarning: 'mode' parameter is deprecated and will be removed in Pillow 13 (2026-10-15)
  img = Image.fromarray(img.numpy(), mode="L")
[93mWARNING [0m:   DEPRECATED FEATURE: flwr.client.start_numpy_client() is deprecated. 
	Instead, use `flwr.client.start_client()` by ensuring you first call the `.to_client()` method as shown below: 
	flwr.client.start_client(
		server_address='<IP>:<PORT>',
		client=FlowerClient().to_client(), # <-- where FlowerClient is of type flwr.client.NumPyClient object
	)
	Using `start_numpy_client()` is deprecated.

            This is a deprecated feature. It will be removed
            entirely in future versions of Flower.
        
[92mINFO [0m:      
[92mINFO [0m:      [RUN 0, ROUND ]
[92mINFO [0m:      Received: get_parameters message 53b7a547-c5d6-4f3e-8fe1-90bb2e92b8a9
[92mINFO [0m:      Sent reply
WARNING: All log messages before absl::InitializeLog() is called are written to STDERR
I0000 00:00:1778397507.012079 4814891 fork_posix.cc:71] Other threads are currently calling into gRPC, skipping fork() handlers
[92mINFO [0m:      
[92mINFO [0m:      [RUN 0, ROUND ]
[92mINFO [0m:      Received: train message 872687ce-0eeb-477b-83f6-3d2cb79d097e
I0000 00:00:1778397507.040449 4814891 fork_posix.cc:71] Other threads are currently calling into gRPC, skipping fork() handlers
/Users/rahulray/Library/Python/3.9/lib/python/site-packages/torchvision/datasets/mnist.py:142: DeprecationWarning: 'mode' parameter is deprecated and will be removed in Pillow 13 (2026-10-15)
  img = Image.fromarray(img.numpy(), mode="L")
[92mINFO [0m:      Sent reply
[92mINFO [0m:      
[92mINFO [0m:      [RUN 0, ROUND ]
[92mINFO [0m:      Received: evaluate message 7460ebac-2db0-4715-8f59-1c1d498e1e1c
[92mINFO [0m:      Sent reply
[92mINFO [0m:      
[92mINFO [0m:      [RUN 0, ROUND ]
[92mINFO [0m:      Received: evaluate message 82f7b47d-dd8c-4276-9ad2-41caf3cbca69
[92mINFO [0m:      Sent reply
[92mINFO [0m:      
[92mINFO [0m:      [RUN 0, ROUND ]
[92mINFO [0m:      Received: evaluate message e6355847-379b-4d2a-9cbd-1ed0651c5713
[92mINFO [0m:      Sent reply
[92mINFO [0m:      
[92mINFO [0m:      [RUN 0, ROUND ]
[92mINFO [0m:      Received: train message d66038a9-a237-404f-af38-9d4c29437e5d
[92mINFO [0m:      Sent reply
[92mINFO [0m:      
[92mINFO [0m:      [RUN 0, ROUND ]
[92mINFO [0m:      Received: evaluate message 768a2f07-04a2-4866-9014-ab5ce8f865fe
[92mINFO [0m:      Sent reply
[92mINFO [0m:      
[92mINFO [0m:      [RUN 0, ROUND ]
[92mINFO [0m:      Received: evaluate message 68ff70a4-07b7-497b-b427-5c8bbc898449
[92mINFO [0m:      Sent reply
[92mINFO [0m:      
[92mINFO [0m:      [RUN 0, ROUND ]
[92mINFO [0m:      Received: evaluate message 7a33acf8-f868-458c-a765-6b990dbde565
[92mINFO [0m:      Sent reply
[92mINFO [0m:      
[92mINFO [0m:      [RUN 0, ROUND ]
[92mINFO [0m:      Received: train message 5ce203c0-6b2c-4714-90fc-5167fe1b6f2a
[92mINFO [0m:      Sent reply
[92mINFO [0m:      
[92mINFO [0m:      [RUN 0, ROUND ]
[92mINFO [0m:      Received: evaluate message 3e719970-6333-4481-aeba-3e59d79141fa
[92mINFO [0m:      Sent reply
[92mINFO [0m:      
[92mINFO [0m:      [RUN 0, ROUND ]
[92mINFO [0m:      Received: evaluate message 37782f52-74e8-4b71-8285-9fb59873107d
[92mINFO [0m:      Sent reply
[92mINFO [0m:      
[92mINFO [0m:      [RUN 0, ROUND ]
[92mINFO [0m:      Received: evaluate message 6723d74b-5434-482f-ae6e-aa9c57c74274
[92mINFO [0m:      Sent reply
[92mINFO [0m:      
[92mINFO [0m:      [RUN 0, ROUND ]
[92mINFO [0m:      Received: train message 5239c86b-bb76-453b-a5dc-766f40f7874f
[92mINFO [0m:      Sent reply
[92mINFO [0m:      
[92mINFO [0m:      [RUN 0, ROUND ]
[92mINFO [0m:      Received: evaluate message 17952273-3eee-4429-9e60-012f64c63643
[92mINFO [0m:      Sent reply
[92mINFO [0m:      
[92mINFO [0m:      [RUN 0, ROUND ]
[92mINFO [0m:      Received: reconnect message 42e3f733-c7f8-41ea-8226-f767be1a1886
[92mINFO [0m:      Disconnect and shut down

Client 5 | alpha=1.0 | label distribution:
  Class 0: 801
  Class 1: 9
  Class 2: 195
  Class 3: 682
  Class 4: 287
  Class 5: 50
  Class 6: 169
  Class 7: 270
  Class 8: 134
  Class 9: 227

Client 5 sleeping 3s (tier simulation)...

Client 5 sleeping 3s (tier simulation)...

Client 5 sleeping 3s (tier simulation)...

Client 5 sleeping 3s (tier simulation)...
